NeoTask deployment diagnostic
Commit: e7ec08e72b5c20eaac2a1ffcd3a1983b29b4480e
Started: 2026-07-31T21:58:02Z
Flutter 3.35.4 • channel stable • https://github.com/flutter/flutter.git
Framework • revision d693b4b9db (11 months ago) • 2025-09-16 14:27:41 +0000
Engine • hash feee8ee8fb8b975dd9990f86d3bda11e6e75faf3 (revision c298091351) (10 months ago) • 2025-09-15 14:04:24.000Z
Tools • Dart 3.9.2 • DevTools 2.48.0
Resolving dependencies...
Downloading packages...
  _flutterfire_internals 1.3.44 (1.3.75 available)
  audioplayers 6.7.1 (6.8.1 available)
  audioplayers_android 5.2.1 (5.3.0 available)
  audioplayers_darwin 6.4.0 (6.5.0 available)
  audioplayers_linux 4.2.1 (4.3.0 available)
  audioplayers_platform_interface 7.1.1 (7.2.0 available)
  audioplayers_web 5.2.1 (5.3.0 available)
  audioplayers_windows 4.3.1 (4.4.1 available)
  characters 1.4.0 (1.4.1 available)
  cloud_firestore 5.4.3 (6.7.1 available)
  cloud_firestore_platform_interface 6.4.3 (8.0.5 available)
  cloud_firestore_web 4.3.2 (5.7.1 available)
  cloud_functions 5.1.3 (6.3.5 available)
  cloud_functions_platform_interface 5.5.37 (6.0.5 available)
  cloud_functions_web 4.10.2 (5.1.11 available)
  cross_file 0.3.5+2 (0.3.5+4 available)
  file_picker 11.0.2 (11.0.3 available)
  firebase_auth 5.3.1 (6.5.6 available)
  firebase_auth_platform_interface 7.4.7 (9.0.5 available)
  firebase_auth_web 5.13.2 (6.2.5 available)
  firebase_core 3.6.0 (4.12.1 available)
  firebase_core_platform_interface 5.4.2 (8.0.0 available)
  firebase_core_web 2.24.0 (3.9.1 available)
  flutter_lints 5.0.0 (6.0.0 available)
  flutter_plugin_android_lifecycle 2.0.34 (2.0.35 available)
  http 1.5.0 (1.6.0 available)
  image 4.8.0 (4.9.1 available)
  image_picker 1.2.2 (1.2.3 available)
  image_picker_android 0.8.13+17 (0.8.13+19 available)
  image_picker_ios 0.8.13+3 (0.8.13+6 available)
  intl 0.20.2 (0.20.3 available)
  lints 5.1.1 (6.1.0 available)
  matcher 0.12.17 (0.12.20 available)
  material_color_utilities 0.11.1 (0.13.0 available)
  meta 1.16.0 (1.19.0 available)
  path_provider 2.1.5 (2.1.6 available)
  path_provider_android 2.2.23 (2.3.1 available)
  path_provider_foundation 2.5.1 (2.6.0 available)
  path_provider_linux 2.2.1 (2.2.2 available)
  path_provider_platform_interface 2.1.2 (2.1.3 available)
  pdf 3.12.0 (3.13.0 available)
  permission_handler 11.4.0 (13.0.0 available)
  permission_handler_android 12.1.0 (14.0.0 available)
  permission_handler_apple 9.4.10 (9.5.0 available)
  permission_handler_html 0.1.3+5 (0.1.4+0 available)
  permission_handler_platform_interface 4.3.0 (4.4.0 available)
  permission_handler_windows 0.2.1 (0.2.2 available)
  posix 6.5.0 (6.5.2 available)
  printing 5.14.3 (5.15.0 available)
  qr 3.0.2 (4.0.0 available)
  record 5.2.1 (7.1.1 available)
  record_android 1.5.2 (2.1.2 available)
  record_linux 0.7.2 (2.1.1 available)
  record_platform_interface 1.6.0 (2.1.0 available)
  record_web 1.3.0 (2.1.2 available)
  record_windows 1.0.7 (2.2.3 available)
  shared_preferences 2.5.3 (2.5.5 available)
  shared_preferences_android 2.4.23 (2.4.27 available)
  synchronized 3.4.0 (3.4.1+1 available)
  test_api 0.7.6 (0.7.13 available)
  url_launcher_android 6.3.29 (6.3.32 available)
  url_launcher_ios 6.3.6 (6.4.1 available)
  url_launcher_web 2.4.1 (2.4.3 available)
  uuid 4.5.3 (4.6.0 available)
  vector_math 2.2.0 (2.4.2 available)
  win32 5.15.0 (6.3.0 available)
  xml 6.6.1 (7.0.1 available)
Got dependencies!
67 packages have newer versions incompatible with dependency constraints.
Try `flutter pub outdated` for more information.
Resolving dependencies...
Downloading packages...
  _flutterfire_internals 1.3.44 (1.3.75 available)
  audioplayers 6.7.1 (6.8.1 available)
  audioplayers_android 5.2.1 (5.3.0 available)
  audioplayers_darwin 6.4.0 (6.5.0 available)
  audioplayers_linux 4.2.1 (4.3.0 available)
  audioplayers_platform_interface 7.1.1 (7.2.0 available)
  audioplayers_web 5.2.1 (5.3.0 available)
  audioplayers_windows 4.3.1 (4.4.1 available)
  characters 1.4.0 (1.4.1 available)
  cloud_firestore 5.4.3 (6.7.1 available)
  cloud_firestore_platform_interface 6.4.3 (8.0.5 available)
  cloud_firestore_web 4.3.2 (5.7.1 available)
  cloud_functions 5.1.3 (6.3.5 available)
  cloud_functions_platform_interface 5.5.37 (6.0.5 available)
  cloud_functions_web 4.10.2 (5.1.11 available)
  cross_file 0.3.5+2 (0.3.5+4 available)
  file_picker 11.0.2 (11.0.3 available)
  firebase_auth 5.3.1 (6.5.6 available)
  firebase_auth_platform_interface 7.4.7 (9.0.5 available)
  firebase_auth_web 5.13.2 (6.2.5 available)
  firebase_core 3.6.0 (4.12.1 available)
  firebase_core_platform_interface 5.4.2 (8.0.0 available)
  firebase_core_web 2.24.0 (3.9.1 available)
  flutter_lints 5.0.0 (6.0.0 available)
  flutter_plugin_android_lifecycle 2.0.34 (2.0.35 available)
  http 1.5.0 (1.6.0 available)
  image 4.8.0 (4.9.1 available)
  image_picker 1.2.2 (1.2.3 available)
  image_picker_android 0.8.13+17 (0.8.13+19 available)
  image_picker_ios 0.8.13+3 (0.8.13+6 available)
  intl 0.20.2 (0.20.3 available)
  lints 5.1.1 (6.1.0 available)
  matcher 0.12.17 (0.12.20 available)
  material_color_utilities 0.11.1 (0.13.0 available)
  meta 1.16.0 (1.19.0 available)
  path_provider 2.1.5 (2.1.6 available)
  path_provider_android 2.2.23 (2.3.1 available)
  path_provider_foundation 2.5.1 (2.6.0 available)
  path_provider_linux 2.2.1 (2.2.2 available)
  path_provider_platform_interface 2.1.2 (2.1.3 available)
  pdf 3.12.0 (3.13.0 available)
  permission_handler 11.4.0 (13.0.0 available)
  permission_handler_android 12.1.0 (14.0.0 available)
  permission_handler_apple 9.4.10 (9.5.0 available)
  permission_handler_html 0.1.3+5 (0.1.4+0 available)
  permission_handler_platform_interface 4.3.0 (4.4.0 available)
  permission_handler_windows 0.2.1 (0.2.2 available)
  posix 6.5.0 (6.5.2 available)
  printing 5.14.3 (5.15.0 available)
  qr 3.0.2 (4.0.0 available)
  record 5.2.1 (7.1.1 available)
  record_android 1.5.2 (2.1.2 available)
  record_linux 0.7.2 (2.1.1 available)
  record_platform_interface 1.6.0 (2.1.0 available)
  record_web 1.3.0 (2.1.2 available)
  record_windows 1.0.7 (2.2.3 available)
  shared_preferences 2.5.3 (2.5.5 available)
  shared_preferences_android 2.4.23 (2.4.27 available)
  synchronized 3.4.0 (3.4.1+1 available)
  test_api 0.7.6 (0.7.13 available)
  url_launcher_android 6.3.29 (6.3.32 available)
  url_launcher_ios 6.3.6 (6.4.1 available)
  url_launcher_web 2.4.1 (2.4.3 available)
  uuid 4.5.3 (4.6.0 available)
  vector_math 2.2.0 (2.4.2 available)
  win32 5.15.0 (6.3.0 available)
  xml 6.6.1 (7.0.1 available)
Got dependencies!
67 packages have newer versions incompatible with dependency constraints.
Try `flutter pub outdated` for more information.
Compiling lib/main.dart for the Web...                          
Wasm dry run succeeded. Consider building and testing your application with the `--wasm` flag. See docs for more info: https://docs.flutter.dev/platform-integration/web/wasm
Use --no-wasm-dry-run to disable these warnings.
Font asset "CupertinoIcons.ttf" was tree-shaken, reducing it from 257628 to 1472 bytes (99.4% reduction). Tree-shaking can be disabled by providing the --no-tree-shake-icons flag when building your app.
Font asset "MaterialIcons-Regular.otf" was tree-shaken, reducing it from 1645184 to 25948 bytes (98.4% reduction). Tree-shaking can be disabled by providing the --no-tree-shake-icons flag when building your app.
Compiling lib/main.dart for the Web...                             49.4s
✓ Built build/web
Failed: 2026-07-31T22:00:14Z
